
 RUN  v4.1.9 /Users/jackson/repos/jacksondr5/j5code-worktrees/issue-102

(node:57298) ExperimentalWarning: localStorage is not available because --localstorage-file was not provided.
(Use `node --trace-warnings ...` to show where the warning was created)
 ❯ apps/web/src/components/chat/ChatComposer.test.ts (1 test | 1 failed) 1485ms
     × does not subscribe a reserved draft ID, then subscribes it after server handoff 1484ms

⎯⎯⎯⎯⎯⎯⎯ Failed Tests 1 ⎯⎯⎯⎯⎯⎯⎯

 FAIL  apps/web/src/components/chat/ChatComposer.test.ts > ChatComposer > does not subscribe a reserved draft ID, then subscribes it after server handoff
AssertionError: expected 1st "vi.fn()" call to have been called with [ 'environment-1', null ]

- Expected
+ Received

  [
    "environment-1",
-   null,
+   "reserved-draft-thread",
  ]

 ❯ apps/web/src/components/chat/ChatComposer.test.ts:41:29
     39|     renderUntilSteerHook(true);
     40|
     41|     expect(useJ5SteerState).toHaveBeenNthCalledWith(1, environmentId, …
       |                             ^
     42|     expect(useJ5SteerState).toHaveBeenNthCalledWith(2, environmentId, …
     43|   });

⎯⎯⎯⎯⎯⎯⎯⎯⎯⎯⎯⎯⎯⎯⎯⎯⎯⎯⎯⎯⎯⎯⎯⎯[1/1]⎯


 Test Files  1 failed (1)
      Tests  1 failed (1)
   Start at  17:48:26
   Duration  2.45s (transform 1.16s, setup 0ms, import 846ms, tests 1.48s, environment 0ms)

MUTATION_TEST_EXIT 1
